[www.stuartslandscaping.com/index.html]
[backblue.gif]
[fade.gif]
[index.html]
[www.stuartslandscaping.com/favicon.ico]
[www.stuartslandscaping.com/css/sass.css]
[www.stuartslandscaping.com/css/jquery.fancybox.css]
[www.stuartslandscaping.com/js/vendor/modernizr-2.6.1-respond-1.1.0.min.js]
[www.stuartslandscaping.com/css/flexslider.css]
[www.stuartslandscaping.com/index-2.html]
[www.stuartslandscaping.com/img/logo.png]
[www.stuartslandscaping.com/garden-centers.html]
[www.stuartslandscaping.com/blog.html]
[www.stuartslandscaping.com/landscape-construction.html]
[www.stuartslandscaping.com/planting.html]
[www.stuartslandscaping.com/patios.html]
[www.stuartslandscaping.com/walls-stonework.html]
[www.stuartslandscaping.com/walks-driveways.html]
[www.stuartslandscaping.com/survey.html]
[www.stuartslandscaping.com/maintenance-turf.html]
[www.stuartslandscaping.com/holiday-lighting.html]
[www.stuartslandscaping.com/portfolio.html]
[www.stuartslandscaping.com/maintenance-guidelines-2019.pdf]
[www.stuartslandscaping.com/our-history.html]
[www.stuartslandscaping.com/category/specials/index.html]
[www.stuartslandscaping.com/category/planting-tips/index.html]
[www.stuartslandscaping.com/get-to-know-us.html]
[www.stuartslandscaping.com/locations.html]
[www.stuartslandscaping.com/blog/frequently-asked-questions/index.html]
[www.stuartslandscaping.com/testimonials.html]
[www.stuartslandscaping.com/job-opportunities.html]
[www.stuartslandscaping.com/contact-us.html]
[www.stuartslandscaping.com/your-wish-list.html]
[www.stuartslandscaping.com/img/green-leaf.png]
[www.stuartslandscaping.com/uploads/dsc05739-pano.jpg]
[www.stuartslandscaping.com/img/green-plant.png]
[www.stuartslandscaping.com/img/green-tree.png]
[www.stuartslandscaping.com/img/green-lawnmower.png]
[www.stuartslandscaping.com/img/green-lights.png]
[www.stuartslandscaping.com/img/green-fountain.png]
[www.stuartslandscaping.com/blastlibrary/images/custom/COME_GROW_WITH_US_2019.jpg]
[www.stuartslandscaping.com/img/care-instructions.png]
[www.stuartslandscaping.com/img/green-shovel.png]
[www.stuartslandscaping.com/img/green-flower.png]
[www.stuartslandscaping.com/img/play-video.png]
[www.stuartslandscaping.com/gift-certificates.html]
[www.stuartslandscaping.com/img/gift-certificates.png]
[www.stuartslandscaping.com/img/green-arrows.png]
[ajax.googleapis.com/ajax/libs/jquery/1.10.2/jquery.min.js]
[www.stuartslandscaping.com/js/main.js]
[www.stuartslandscaping.com/js/jquery-1.10.2.min.js]
[www.stuartslandscaping.com/js/vendor/bootstrap.min.js]
[www.stuartslandscaping.com/js/jquery.fancybox.pack.js]
[www.stuartslandscaping.com/js/jquery.flexslider-min.js]
[www.stuartslandscaping.com/index.html]
[www.stuartslandscaping.com/img/main-bg.jpg]
[www.stuartslandscaping.com/img/icons.png]
[www.stuartslandscaping.com/img/foot-marker.png]
[www.stuartslandscaping.com/img/foot-chat.png]
[www.stuartslandscaping.com/img/foot-peeps.png]
[www.stuartslandscaping.com/img/foot-quotes.png]
[www.stuartslandscaping.com/img/spring-bg.png]
[www.stuartslandscaping.com/img/year-bg.png]
[www.stuartslandscaping.com/img/checkbox.png]
[www.stuartslandscaping.com/img/brown-arrow.png]
[www.stuartslandscaping.com/css/sass.css]
[www.stuartslandscaping.com/img/apple-touch-icon-72x72-precomposed.png/index.html]
[www.stuartslandscaping.com/img/apple-touch-icon-114x114-precomposed.png/index.html]
[www.stuartslandscaping.com/img/touch-icon-iphone-precomposed.png/index.html]
[www.stuartslandscaping.com/css/fancybox_sprite.png]
[www.stuartslandscaping.com/css/fancybox_loading.gif]
[www.stuartslandscaping.com/css/blank.gif]
[www.stuartslandscaping.com/css/fancybox_overlay.png]
[www.stuartslandscaping.com/css/jquery.fancybox.css]
[www.stuartslandscaping.com/img/left-right-gallery-arrows.png]
[www.stuartslandscaping.com/css/flexslider.css]
[www.stuartslandscaping.com/index-2.html]
[www.stuartslandscaping.com/img/inner-logo.png]
[www.stuartslandscaping.com/uploads/backgrounds/top-pic5.jpg]
[www.stuartslandscaping.com/uploads/840w/dji0407-edit-2.jpg]
[www.stuartslandscaping.com/uploads/840w/1_clare-s-photos-081.jpg]
[www.stuartslandscaping.com/uploads/840w/fdl-gc-1.jpg]
[www.stuartslandscaping.com/uploads/840w/DSCF2301.jpg]
[www.stuartslandscaping.com/uploads/840w/dsc060261.jpg]
[www.stuartslandscaping.com/uploads/840w/DSCF2307.jpg]
[www.stuartslandscaping.com/uploads/840w/DSCF2306.jpg]
[www.stuartslandscaping.com/uploads/840w/1_fdl-gc-10.jpg]
[www.stuartslandscaping.com/uploads/840w/2013-04-09-17.14.12.jpg]
[www.stuartslandscaping.com/uploads/840w/clare-s-photos-095.jpg]
[www.stuartslandscaping.com/uploads/840w/copy-of-insta-58.jpg]
[www.stuartslandscaping.com/uploads/840w/dsc02141.jpg]
[www.stuartslandscaping.com/uploads/840w/potted-trees.jpg]
[www.stuartslandscaping.com/uploads/840w/fdl-gc-11.jpg]
[www.stuartslandscaping.com/uploads/840w/clare-s-photos-057.jpg]
[www.stuartslandscaping.com/uploads/840w/oshkosh-garden-center.jpg]
[www.stuartslandscaping.com/uploads/135w/dji0407-edit-2.jpg]
[www.stuartslandscaping.com/uploads/135w/1_clare-s-photos-081.jpg]
[www.stuartslandscaping.com/uploads/135w/fdl-gc-1.jpg]
[www.stuartslandscaping.com/uploads/135w/DSCF2301.jpg]
[www.stuartslandscaping.com/uploads/135w/dsc060261.jpg]
[www.stuartslandscaping.com/uploads/135w/DSCF2307.jpg]
[www.stuartslandscaping.com/uploads/135w/DSCF2306.jpg]
[www.stuartslandscaping.com/uploads/135w/1_fdl-gc-10.jpg]
[www.stuartslandscaping.com/uploads/135w/2013-04-09-17.14.12.jpg]
[www.stuartslandscaping.com/uploads/135w/clare-s-photos-095.jpg]
[www.stuartslandscaping.com/uploads/135w/copy-of-insta-58.jpg]
[www.stuartslandscaping.com/uploads/135w/dsc02141.jpg]
[www.stuartslandscaping.com/uploads/135w/potted-trees.jpg]
[www.stuartslandscaping.com/uploads/135w/fdl-gc-11.jpg]
[www.stuartslandscaping.com/uploads/135w/clare-s-photos-057.jpg]
[www.stuartslandscaping.com/uploads/135w/oshkosh-garden-center.jpg]
[www.stuartslandscaping.com/garden-centers.html]
[www.stuartslandscaping.com/css/blog.css]
[www.stuartslandscaping.com/uploads/backgrounds/top-pic6.jpg]
[www.stuartslandscaping.com/blastlibrary/images/420w/COME_GROW_WITH_US_2019.jpg]
[www.stuartslandscaping.com/blog/index.html]
[www.stuartslandscaping.com/blog/httpsdocsgooglecomformsde1faipqlsccct2xq93dv0idweqaixfrus0vqj6hzfp9yqcpyp0pbpi99wviewformembeddedtrue/index.html]
[www.stuartslandscaping.com/blastlibrary/images/pop_post/40w/COME_GROW_WITH_US_2019.jpg]
[www.stuartslandscaping.com/blog/january-planting-tips/index.html]
[www.stuartslandscaping.com/blastlibrary/images/pop_post/40w/Potted_Tree_Sale.jpg]
[www.stuartslandscaping.com/blog.html]
[www.stuartslandscaping.com/blog/february-planting-tips/index.html]
[www.stuartslandscaping.com/blog/march-planting-tips/index.html]
[www.stuartslandscaping.com/blog/april-planting-tips/index.html]
[www.stuartslandscaping.com/blog/may-planting-tips/index.html]
[www.stuartslandscaping.com/blog/june-planting-tips/index.html]
[www.stuartslandscaping.com/blog/july-planting-tips/index.html]
[www.stuartslandscaping.com/img/bg-history.jpg]
[www.stuartslandscaping.com/blog/august-planting-tips/index.html]
[www.stuartslandscaping.com/blog/page/2/index.html]
[www.stuartslandscaping.com/uploads/840w/Landscape_Design.jpg]
[www.stuartslandscaping.com/blog/30-off-potted-trees/index.html]
[www.stuartslandscaping.com/uploads/840w/DSCF2069.jpg]
[www.stuartslandscaping.com/category/bulletin-boards/index.html]
[www.stuartslandscaping.com/uploads/840w/DSCF2059.jpg]
[www.stuartslandscaping.com/category/events/index.html]
[www.stuartslandscaping.com/uploads/840w/DSCF2056.jpg]
[www.stuartslandscaping.com/uploads/135w/Landscape_Design.jpg]
[www.stuartslandscaping.com/category/faqs/index.html]
[www.stuartslandscaping.com/uploads/135w/DSCF2069.jpg]
[www.stuartslandscaping.com/uploads/135w/DSCF2059.jpg]
[www.stuartslandscaping.com/category/sponsorships/index.html]
[www.stuartslandscaping.com/uploads/135w/DSCF2056.jpg]
[www.stuartslandscaping.com/landscape-construction.html]
[www.stuartslandscaping.com/uploads/backgrounds/top-pic21.jpg]
[www.stuartslandscaping.com/uploads/840w/dji0025.jpg]
[www.stuartslandscaping.com/uploads/840w/insta-123-copy.jpg]
[www.stuartslandscaping.com/uploads/840w/finished-mecklenberg-2.jpg]
[www.stuartslandscaping.com/uploads/840w/dji0172.jpg]
[www.stuartslandscaping.com/uploads/840w/p7960570.jpg]
[www.stuartslandscaping.com/uploads/840w/insta-81.jpg]
[www.stuartslandscaping.com/uploads/840w/2_Planting___delivery_1.jpg]
[www.stuartslandscaping.com/uploads/840w/2_Planting___Delivery_2.jpg]
[www.stuartslandscaping.com/uploads/840w/insta-106.jpg]
[www.stuartslandscaping.com/uploads/135w/dji0025.jpg]
[www.stuartslandscaping.com/uploads/135w/insta-123-copy.jpg]
[www.stuartslandscaping.com/uploads/135w/finished-mecklenberg-2.jpg]
[www.stuartslandscaping.com/uploads/135w/dji0172.jpg]
[www.stuartslandscaping.com/uploads/135w/p7960570.jpg]
[www.stuartslandscaping.com/uploads/135w/insta-81.jpg]
[www.stuartslandscaping.com/uploads/135w/2_Planting___delivery_1.jpg]
[www.stuartslandscaping.com/uploads/135w/2_Planting___Delivery_2.jpg]
[www.stuartslandscaping.com/uploads/135w/insta-106.jpg]
[www.stuartslandscaping.com/planting.html]
[www.stuartslandscaping.com/uploads/backgrounds/top-pic2.jpg]
[www.stuartslandscaping.com/uploads/840w/dji0492-pano-edit.jpg]
[www.stuartslandscaping.com/uploads/840w/p7980511-hdr-pano.jpg]
[www.stuartslandscaping.com/uploads/840w/paul-left-inside-pocket-patio-and-grill.jpg]
[www.stuartslandscaping.com/uploads/840w/insta-72.jpg]
[www.stuartslandscaping.com/uploads/840w/insta-103.jpg]
[www.stuartslandscaping.com/uploads/840w/dji0461-edit.jpg]
[www.stuartslandscaping.com/uploads/840w/dji0649-pano-edit.jpg]
[www.stuartslandscaping.com/uploads/840w/insta-109.jpg]
[www.stuartslandscaping.com/uploads/840w/dji0629-pano-edit.jpg]
[www.stuartslandscaping.com/uploads/840w/dji0602-pano-edit.jpg]
[www.stuartslandscaping.com/uploads/840w/dji0516-edit.jpg]
[www.stuartslandscaping.com/uploads/135w/dji0492-pano-edit.jpg]
[www.stuartslandscaping.com/uploads/135w/p7980511-hdr-pano.jpg]
[www.stuartslandscaping.com/uploads/135w/paul-left-inside-pocket-patio-and-grill.jpg]
[www.stuartslandscaping.com/uploads/135w/insta-72.jpg]
[www.stuartslandscaping.com/uploads/135w/insta-103.jpg]
[www.stuartslandscaping.com/uploads/135w/dji0461-edit.jpg]
[www.stuartslandscaping.com/uploads/135w/dji0649-pano-edit.jpg]
[www.stuartslandscaping.com/uploads/135w/insta-109.jpg]
[www.stuartslandscaping.com/uploads/135w/dji0629-pano-edit.jpg]
[www.stuartslandscaping.com/uploads/135w/dji0602-pano-edit.jpg]
[www.stuartslandscaping.com/uploads/135w/dji0516-edit.jpg]
[www.stuartslandscaping.com/patios.html]
[www.stuartslandscaping.com/uploads/840w/dsc06785-hdr.jpg]
[www.stuartslandscaping.com/uploads/840w/p7980502-hdr-pano.jpg]
[www.stuartslandscaping.com/uploads/840w/dsc07002-pano-edit.jpg]
[www.stuartslandscaping.com/uploads/840w/dsc06643-pano-edit.jpg]
[www.stuartslandscaping.com/uploads/840w/img2198-pano-edit.jpg]
[www.stuartslandscaping.com/uploads/840w/insta-120-1.jpg]
[www.stuartslandscaping.com/uploads/840w/dsc07126-pano-edit.jpg]
[www.stuartslandscaping.com/uploads/840w/dsc07066-edit.jpg]
[www.stuartslandscaping.com/uploads/840w/dsc07596-pano-2-edit.jpg]
[www.stuartslandscaping.com/uploads/840w/p1000406.jpg]
[www.stuartslandscaping.com/uploads/135w/dsc06785-hdr.jpg]
[www.stuartslandscaping.com/uploads/135w/p7980502-hdr-pano.jpg]
[www.stuartslandscaping.com/uploads/135w/dsc07002-pano-edit.jpg]
[www.stuartslandscaping.com/uploads/135w/dsc06643-pano-edit.jpg]
[www.stuartslandscaping.com/uploads/135w/img2198-pano-edit.jpg]
[www.stuartslandscaping.com/uploads/135w/insta-120-1.jpg]
[www.stuartslandscaping.com/uploads/135w/dsc07126-pano-edit.jpg]
[www.stuartslandscaping.com/uploads/135w/dsc07066-edit.jpg]
[www.stuartslandscaping.com/uploads/135w/dsc07596-pano-2-edit.jpg]
[www.stuartslandscaping.com/uploads/135w/p1000406.jpg]
[www.stuartslandscaping.com/walls-stonework.html]
[www.stuartslandscaping.com/uploads/840w/dji0555-edit.jpg]
[www.stuartslandscaping.com/uploads/840w/shannon-absolute-finished.jpg]
[www.stuartslandscaping.com/uploads/840w/dji0010.jpg]
[www.stuartslandscaping.com/uploads/840w/2008-landscaping-017-3.jpg]
[www.stuartslandscaping.com/uploads/840w/pauls-steps.jpg]
[www.stuartslandscaping.com/uploads/840w/landscaping-2009-021.jpg]
[www.stuartslandscaping.com/uploads/840w/Schmitz___Carew_09_019.jpg]
[www.stuartslandscaping.com/uploads/840w/dji0591-pano-edit.jpg]
[www.stuartslandscaping.com/uploads/840w/insta-1061.jpg]
[www.stuartslandscaping.com/uploads/840w/PA250155.jpg]
[www.stuartslandscaping.com/uploads/840w/p7960569-2.jpg]
[www.stuartslandscaping.com/uploads/840w/dji0039.jpg]
[www.stuartslandscaping.com/uploads/840w/dsc07134-pano-edit.jpg]
[www.stuartslandscaping.com/uploads/840w/dji0485-pano-2.jpg]
[www.stuartslandscaping.com/uploads/840w/p7970216-hdr-2.jpg]
[www.stuartslandscaping.com/uploads/840w/insta-121.jpg]
[www.stuartslandscaping.com/uploads/135w/dji0555-edit.jpg]
[www.stuartslandscaping.com/uploads/135w/shannon-absolute-finished.jpg]
[www.stuartslandscaping.com/uploads/135w/dji0010.jpg]
[www.stuartslandscaping.com/uploads/135w/2008-landscaping-017-3.jpg]
[www.stuartslandscaping.com/uploads/135w/pauls-steps.jpg]
[www.stuartslandscaping.com/uploads/135w/landscaping-2009-021.jpg]
[www.stuartslandscaping.com/uploads/135w/Schmitz___Carew_09_019.jpg]
[www.stuartslandscaping.com/uploads/135w/dji0591-pano-edit.jpg]
[www.stuartslandscaping.com/uploads/135w/insta-1061.jpg]
[www.stuartslandscaping.com/uploads/135w/PA250155.jpg]
[www.stuartslandscaping.com/uploads/135w/p7960569-2.jpg]
[www.stuartslandscaping.com/uploads/135w/dji0039.jpg]
[www.stuartslandscaping.com/uploads/135w/dsc07134-pano-edit.jpg]
[www.stuartslandscaping.com/uploads/135w/dji0485-pano-2.jpg]
[www.stuartslandscaping.com/uploads/135w/p7970216-hdr-2.jpg]
[www.stuartslandscaping.com/uploads/135w/insta-121.jpg]
[www.stuartslandscaping.com/walks-driveways.html]
[www.imlcentral.com/utilities/EmailTo/form.js]
[www.stuartslandscaping.com/js/jquery.validate.min.js]
[www.stuartslandscaping.com/survey.html]
[www.stuartslandscaping.com/js/custom-form-elements-jquery.js]
[www.stuartslandscaping.com/quote.html]
[www.stuartslandscaping.com/uploads/840w/dsc07716.jpg]
[www.stuartslandscaping.com/uploads/840w/dji00251.jpg]
[www.stuartslandscaping.com/uploads/840w/dji0477-edit.jpg]
[www.stuartslandscaping.com/uploads/135w/dsc07716.jpg]
[www.stuartslandscaping.com/uploads/135w/dji00251.jpg]
[www.stuartslandscaping.com/uploads/135w/dji0477-edit.jpg]
[www.stuartslandscaping.com/maintenance-turf.html]
[www.stuartslandscaping.com/uploads/840w/dsc01323-pano.jpg]
[www.stuartslandscaping.com/uploads/840w/IMG_3182.jpg]
[www.stuartslandscaping.com/uploads/840w/IMG_3178.jpg]
[www.stuartslandscaping.com/uploads/840w/IMG_3177.jpg]
[www.stuartslandscaping.com/uploads/840w/IMG_3174.jpg]
[www.stuartslandscaping.com/uploads/840w/IMG_3172.jpg]
[www.stuartslandscaping.com/uploads/840w/IMG_2815.jpg]
[www.stuartslandscaping.com/uploads/840w/IMG_2810.jpg]
[www.stuartslandscaping.com/uploads/840w/IMG_2798.jpg]
[www.stuartslandscaping.com/uploads/840w/000_0044.jpg]
[www.stuartslandscaping.com/uploads/840w/dsc01319.jpg]
[www.stuartslandscaping.com/uploads/840w/DSCF2114.jpg]
[www.stuartslandscaping.com/uploads/840w/dsc01328-pano-copy.jpg]
[www.stuartslandscaping.com/uploads/840w/dsc01429-pano.jpg]
[www.stuartslandscaping.com/uploads/840w/IMG_3185.jpg]
[www.stuartslandscaping.com/uploads/840w/dsc01297.jpg]
[www.stuartslandscaping.com/uploads/135w/dsc01323-pano.jpg]
[www.stuartslandscaping.com/uploads/135w/IMG_3182.jpg]
[www.stuartslandscaping.com/uploads/135w/IMG_3178.jpg]
[www.stuartslandscaping.com/uploads/135w/IMG_3177.jpg]
[www.stuartslandscaping.com/uploads/135w/IMG_3174.jpg]
[www.stuartslandscaping.com/uploads/135w/IMG_3172.jpg]
[www.stuartslandscaping.com/uploads/135w/IMG_2815.jpg]
[www.stuartslandscaping.com/uploads/135w/IMG_2810.jpg]
[www.stuartslandscaping.com/uploads/135w/IMG_2798.jpg]
[www.stuartslandscaping.com/uploads/135w/000_0044.jpg]
[www.stuartslandscaping.com/uploads/135w/dsc01319.jpg]
[www.stuartslandscaping.com/uploads/135w/DSCF2114.jpg]
[www.stuartslandscaping.com/uploads/135w/dsc01328-pano-copy.jpg]
[www.stuartslandscaping.com/uploads/135w/dsc01429-pano.jpg]
[www.stuartslandscaping.com/uploads/135w/IMG_3185.jpg]
[www.stuartslandscaping.com/uploads/135w/dsc01297.jpg]
[www.stuartslandscaping.com/holiday-lighting.html]
[www.stuartslandscaping.com/uploads/backgrounds/top-pic3.jpg]
[www.stuartslandscaping.com/portfolio.html]
[www.stuartslandscaping.com/category/specials/index.html]
[www.stuartslandscaping.com/portfolio/holiday-lighting/index.html]
[www.stuartslandscaping.com/portfolio/landscape/index.html]
[www.stuartslandscaping.com/category/planting-tips/index.html]
[www.stuartslandscaping.com/portfolio/patios/index.html]
[www.stuartslandscaping.com/portfolio/planting/index.html]
[www.stuartslandscaping.com/portfolio/walk-driveways/index.html]
[www.stuartslandscaping.com/portfolio/walls-stonework/index.html]
[www.stuartslandscaping.com/blog/september-planting-tips/index.html]
[www.stuartslandscaping.com/blog/october-planting-tips/index.html]
[www.stuartslandscaping.com/category/planting-tips/page/2/index.html]
[apis.google.com/js/plusone.js]
[www.stuartslandscaping.com/img/printer.gif]
[www.stuartslandscaping.com/img/envelope.gif]
[www.stuartslandscaping.com/blog/frequently-asked-questions/index.html]
[www.stuartslandscaping.com/img/history-pic.png]
[platform.twitter.com/widgets.js]
[www.stuartslandscaping.com/our-history.html]
[www.stuartslandscaping.com/uploads/staff/150w/1_chad-j-muche.jpg]
[www.stuartslandscaping.com/uploads/staff/150w/jake-lapine.jpg]
[www.stuartslandscaping.com/uploads/staff/150w/screen-shot-2020-08-17-at-110003-am.jpg]
[www.stuartslandscaping.com/uploads/staff/150w/screen-shot-2020-08-17-at-104103-am.jpg]
[www.stuartslandscaping.com/uploads/staff/150w/paul-muche.jpg]
[www.stuartslandscaping.com/uploads/staff/150w/img7912-copy.jpg]
[www.stuartslandscaping.com/get-to-know-us.html]
[www.stuartslandscaping.com/locations.html]
[www.stuartslandscaping.com/img/bottom-bubble.png]
[www.stuartslandscaping.com/testimonials.html]
[www.stuartslandscaping.com/uploads/jobs/landscape-construction-foreman-job-description1.pdf]
[www.stuartslandscaping.com/uploads/jobs/landscape-maintenance-foreman-job-desctiption.pdf]
[www.stuartslandscaping.com/uploads/jobs/landscape-construction-technician-job-description1.pdf]
[www.stuartslandscaping.com/uploads/jobs/landscape-maintenance-technician-job-description.pdf]
[www.stuartslandscaping.com/uploads/jobs/seasonal-retail-garden-center-job-description.pdf]
[www.stuartslandscaping.com/uploads/jobs/2016-employee-application.pdf]
[www.stuartslandscaping.com/uploads/jobs/lawn-mowing-foreman-job-decription.pdf]
[www.stuartslandscaping.com/uploads/jobs/lawn-mowing-technician-job-decription.pdf]
[www.stuartslandscaping.com/job-opportunities.html]
[www.stuartslandscaping.com/contact-us.html]
[www.stuartslandscaping.com/trees.html]
[www.stuartslandscaping.com/shrubs.html]
[www.stuartslandscaping.com/perennials.html]
[www.stuartslandscaping.com/img/mag-glass.png]
[www.stuartslandscaping.com/img/brown-printer.png]
[www.stuartslandscaping.com/wish-list-request.html]
[www.stuartslandscaping.com/img/brown-envelope.png]
[www.stuartslandscaping.com/your-wish-list.html]
[www.stuartslandscaping.com/img/pay-pal-button.png]
[www.stuartslandscaping.com/img/collage1.jpg]
[www.stuartslandscaping.com/gift-certificates.html]
[www.stuartslandscaping.com/img/glyphicons-halflings.png/index.html]
[www.stuartslandscaping.com/img/glyphicons-halflings-white.png/index.html]
[www.stuartslandscaping.com/img/checkbox.gif/index.html]
[www.stuartslandscaping.com/img/select-bg.gif/index.html]
[www.stuartslandscaping.com/css/fancybox_sprite@2x.png/index.html]
[www.stuartslandscaping.com/css/fancybox_loading@2x.gif/index.html]
[www.stuartslandscaping.com/img/soc-icons.png]
[www.stuartslandscaping.com/img/rel-arrow.png]
[www.stuartslandscaping.com/css/blog.css]
[www.stuartslandscaping.com/blog/index.html]
[www.stuartslandscaping.com/blog/httpsdocsgooglecomformsde1faipqlsccct2xq93dv0idweqaixfrus0vqj6hzfp9yqcpyp0pbpi99wviewformembeddedtrue/index.html]
[www.stuartslandscaping.com/blog/january-planting-tips/index.html]
[www.stuartslandscaping.com/blog/february-planting-tips/index.html]
[www.stuartslandscaping.com/blog/march-planting-tips/index.html]
[www.stuartslandscaping.com/blog/april-planting-tips/index.html]
[www.stuartslandscaping.com/blog/may-planting-tips/index.html]
[www.stuartslandscaping.com/blog/june-planting-tips/index.html]
[www.stuartslandscaping.com/blog/july-planting-tips/index.html]
[www.stuartslandscaping.com/uploads/backgrounds/top-pic4.jpg]
[www.stuartslandscaping.com/blog/deer-hunters-special/index.html]
[www.stuartslandscaping.com/blog/august-planting-tips/index.html]
[www.stuartslandscaping.com/blog/page/2/index.html]
[www.stuartslandscaping.com/blog/november-planting-tips/index.html]
[www.stuartslandscaping.com/blog/december-planting-tips/index.html]
[www.stuartslandscaping.com/blastlibrary/images/thumbnail-image-placeholder.gif/index.html]
[www.stuartslandscaping.com/blog/30-off-potted-trees/index.html]
[www.stuartslandscaping.com/category/bulletin-boards/index.html]
[www.stuartslandscaping.com/category/events/index.html]
[www.stuartslandscaping.com/category/faqs/index.html]
[www.stuartslandscaping.com/category/sponsorships/index.html]
[www.stuartslandscaping.com/quote.html]
[www.stuartslandscaping.com/portfolio/holiday-lighting/index.html]
[www.stuartslandscaping.com/portfolio/landscape/index.html]
[www.stuartslandscaping.com/portfolio/patios/index.html]
[www.stuartslandscaping.com/portfolio/planting/index.html]
[www.stuartslandscaping.com/portfolio/walk-driveways/index.html]
[www.stuartslandscaping.com/portfolio/walls-stonework/index.html]
[www.stuartslandscaping.com/blog/september-planting-tips/index.html]
[www.stuartslandscaping.com/blog/october-planting-tips/index.html]
[www.stuartslandscaping.com/category/planting-tips/page/2/index.html]
[www.stuartslandscaping.com/blog_rss.xml/index.html]
[www.stuartslandscaping.com/trees.html]
[www.stuartslandscaping.com/shrubs.html]
[www.stuartslandscaping.com/perennials.html]
[code.jquery.com/ui/1.10.4/themes/smoothness/jquery-ui.css]
[www.stuartslandscaping.com/wish-list-request.html]
[www.stuartslandscaping.com/img/pagination-arrow.gif/index.html]
[www.stuartslandscaping.com/img/pagination-arrow2.gif/index.html]
[www.stuartslandscaping.com/blog/deer-hunters-special/index.html]
[www.stuartslandscaping.com/blog/november-planting-tips/index.html]
[www.stuartslandscaping.com/blog/december-planting-tips/index.html]
[code.jquery.com/ui/1.10.4/themes/smoothness/images/animated-overlay.gif]
[code.jquery.com/ui/1.10.4/themes/smoothness/images/ui-bg_flat_75_ffffff_40x100.png]
[code.jquery.com/ui/1.10.4/themes/smoothness/images/ui-bg_highlight-soft_75_cccccc_1x100.png]
[code.jquery.com/ui/1.10.4/themes/smoothness/images/ui-bg_glass_75_e6e6e6_1x400.png]
[code.jquery.com/ui/1.10.4/themes/smoothness/images/ui-bg_glass_75_dadada_1x400.png]
[code.jquery.com/ui/1.10.4/themes/smoothness/images/ui-bg_glass_65_ffffff_1x400.png]
[code.jquery.com/ui/1.10.4/themes/smoothness/images/ui-bg_glass_55_fbf9ee_1x400.png]
[code.jquery.com/ui/1.10.4/themes/smoothness/images/ui-bg_glass_95_fef1ec_1x400.png]
[code.jquery.com/ui/1.10.4/themes/smoothness/images/ui-icons_222222_256x240.png]
[code.jquery.com/ui/1.10.4/themes/smoothness/images/ui-icons_888888_256x240.png]
[code.jquery.com/ui/1.10.4/themes/smoothness/images/ui-icons_454545_256x240.png]
[code.jquery.com/ui/1.10.4/themes/smoothness/images/ui-icons_2e83ff_256x240.png]
[code.jquery.com/ui/1.10.4/themes/smoothness/images/ui-icons_cd0a0a_256x240.png]
[code.jquery.com/ui/1.10.3/jquery-ui.js]
[code.jquery.com/ui/1.10.4/themes/smoothness/jquery-ui.css]
[connect.facebook.net/en_US/all.js]
[code.jquery.com/ui/1.10.4/themes/smoothness/images/ui-bg_flat_0_aaaaaa_40x100.png]
